
> realco-platform-backend@0.1.0 build
> tsc -p tsconfig.json

src/api/routes/banking.routes.ts(400,22): error TS2551: Property 'plaidAccessTokenEnc' does not exist on type '{ userId: string; id: string; createdAt: Date; updatedAt: Date; status: BankAccountStatus; metadata: JsonValue; isDefault: boolean; accountType: BankAccountType; ... 12 more ...; suspensionReason: string | null; }'. Did you mean 'plaidAccessToken'?
src/api/routes/banking.routes.ts(409,63): error TS2551: Property 'plaidAccessTokenEnc' does not exist on type '{ userId: string; id: string; createdAt: Date; updatedAt: Date; status: BankAccountStatus; metadata: JsonValue; isDefault: boolean; accountType: BankAccountType; ... 12 more ...; suspensionReason: string | null; }'. Did you mean 'plaidAccessToken'?
src/api/routes/compliance.routes.ts(124,20): error TS2353: Object literal may only specify known properties, and 'entityId' does not exist in type 'ComplianceCheckWhereInput'.
src/api/routes/compliance.routes.ts(169,13): error TS2322: Type '{ status?: string | undefined; checkType?: string | undefined; entityType?: string | undefined; }' is not assignable to type 'ComplianceCheckWhereInput'.
  Types of property 'checkType' are incompatible.
    Type 'string | undefined' is not assignable to type 'ComplianceCheckType | EnumComplianceCheckTypeFilter<"ComplianceCheck"> | undefined'.
      Type 'string' is not assignable to type 'ComplianceCheckType | EnumComplianceCheckTypeFilter<"ComplianceCheck"> | undefined'.
src/api/routes/compliance.routes.ts(179,13): error TS2322: Type '{ status?: string | undefined; checkType?: string | undefined; entityType?: string | undefined; }' is not assignable to type 'ComplianceCheckWhereInput'.
  Types of property 'checkType' are incompatible.
    Type 'string | undefined' is not assignable to type 'ComplianceCheckType | EnumComplianceCheckTypeFilter<"ComplianceCheck"> | undefined'.
      Type 'string' is not assignable to type 'ComplianceCheckType | EnumComplianceCheckTypeFilter<"ComplianceCheck"> | undefined'.
src/api/routes/compliance.routes.ts(242,13): error TS2353: Object literal may only specify known properties, and 'passed' does not exist in type 'ComplianceCheckWhereInput'.
src/api/routes/escrow.routes.ts(142,9): error TS2353: Object literal may only specify known properties, and 'description' does not exist in type 'FastifySchema'.
src/api/routes/escrow.routes.ts(153,35): error TS2339: Property 'currentBalance' does not exist on type '{ id: string; createdAt: Date; updatedAt: Date; offeringId: string; status: EscrowStatus; metadata: JsonValue; accountNumber: string; accountName: string; ... 11 more ...; closedReason: string | null; }'.
src/api/routes/escrow.routes.ts(155,35): error TS2339: Property 'pendingBalance' does not exist on type '{ id: string; createdAt: Date; updatedAt: Date; offeringId: string; status: EscrowStatus; metadata: JsonValue; accountNumber: string; accountName: string; ... 11 more ...; closedReason: string | null; }'.
src/api/routes/escrow.routes.ts(156,32): error TS2339: Property 'heldBalance' does not exist on type '{ id: string; createdAt: Date; updatedAt: Date; offeringId: string; status: EscrowStatus; metadata: JsonValue; accountNumber: string; accountName: string; ... 11 more ...; closedReason: string | null; }'.
src/api/routes/escrow.routes.ts(157,34): error TS2339: Property 'totalDeposits' does not exist on type '{ id: string; createdAt: Date; updatedAt: Date; offeringId: string; status: EscrowStatus; metadata: JsonValue; accountNumber: string; accountName: string; ... 11 more ...; closedReason: string | null; }'.
src/api/routes/escrow.routes.ts(158,37): error TS2339: Property 'totalWithdrawals' does not exist on type '{ id: string; createdAt: Date; updatedAt: Date; offeringId: string; status: EscrowStatus; metadata: JsonValue; accountNumber: string; accountName: string; ... 11 more ...; closedReason: string | null; }'.
src/api/routes/escrow.routes.ts(159,39): error TS2339: Property 'totalDistributions' does not exist on type '{ id: string; createdAt: Date; updatedAt: Date; offeringId: string; status: EscrowStatus; metadata: JsonValue; accountNumber: string; accountName: string; ... 11 more ...; closedReason: string | null; }'.
src/api/routes/escrow.routes.ts(288,9): error TS2353: Object literal may only specify known properties, and 'description' does not exist in type 'FastifySchema'.
src/api/v1.ts(14,35): error TS2307: Cannot find module './routes/transactions.routes.js' or its corresponding type declarations.
src/api/v1.ts(703,48): error TS2339: Property 'verifyWithPlaid' does not exist on type 'BankAccountService'.
src/api/v1.ts(716,47): error TS2339: Property 'initiateMicroDeposits' does not exist on type 'BankAccountService'.
src/api/v1.ts(736,92): error TS2345: Argument of type '{ amount1: number; amount2: number; }' is not assignable to parameter of type 'number[]'.
  Type '{ amount1: number; amount2: number; }' is missing the following properties from type 'number[]': length, pop, push, concat, and 29 more.
src/api/v1.ts(770,48): error TS2551: Property 'removeBankAccount' does not exist on type 'BankAccountService'. Did you mean 'removeAccount'?
src/lib/encryption.ts(222,11): error TS2532: Object is possibly 'undefined'.
src/lib/encryption.ts(222,23): error TS2532: Object is possibly 'undefined'.
src/lib/encryption.ts(222,35): error TS2532: Object is possibly 'undefined'.
src/lib/encryption.ts(223,12): error TS2532: Object is possibly 'undefined'.
src/lib/encryption.ts(223,24): error TS2532: Object is possibly 'undefined'.
src/lib/encryption.ts(223,36): error TS2532: Object is possibly 'undefined'.
src/lib/encryption.ts(224,7): error TS2532: Object is possibly 'undefined'.
src/lib/encryption.ts(225,7): error TS2532: Object is possibly 'undefined'.
src/lib/encryption.ts(226,7): error TS2532: Object is possibly 'undefined'.
src/services/bank-account.service-complete.ts(37,10): error TS2305: Module '"./events.js"' has no exported member 'emitEvent'.
src/services/bank-account.service-complete.ts(117,11): error TS2820: Type '"MICRO_DEPOSIT"' is not assignable to type 'VerificationMethod | null | undefined'. Did you mean '"MICRO_DEPOSITS"'?
src/services/bank-account.service-complete.ts(134,28): error TS2339: Property 'last4' does not exist on type '{ userId: string; id: string; createdAt: Date; updatedAt: Date; status: BankAccountStatus; metadata: JsonValue; isDefault: boolean; accountType: BankAccountType; ... 12 more ...; suspensionReason: string | null; }'.
src/services/bank-account.service-complete.ts(184,9): error TS2561: Object literal may only specify known properties, but 'routingNumberHash' does not exist in type 'BankAccountWhereInput'. Did you mean to write 'routingNumber'?
src/services/bank-account.service-complete.ts(209,11): error TS2322: Type '"PLAID"' is not assignable to type 'VerificationMethod | null | undefined'.
src/services/bank-account.service-complete.ts(261,17): error TS2339: Property 'microDepositExpiresAt' does not exist on type '{ userId: string; id: string; createdAt: Date; updatedAt: Date; status: BankAccountStatus; metadata: JsonValue; isDefault: boolean; accountType: BankAccountType; ... 12 more ...; suspensionReason: string | null; }'.
src/services/bank-account.service-complete.ts(261,50): error TS2339: Property 'microDepositExpiresAt' does not exist on type '{ userId: string; id: string; createdAt: Date; updatedAt: Date; status: BankAccountStatus; metadata: JsonValue; isDefault: boolean; accountType: BankAccountType; ... 12 more ...; suspensionReason: string | null; }'.
src/services/bank-account.service-complete.ts(266,17): error TS2339: Property 'verificationAttempts' does not exist on type '{ userId: string; id: string; createdAt: Date; updatedAt: Date; status: BankAccountStatus; metadata: JsonValue; isDefault: boolean; accountType: BankAccountType; ... 12 more ...; suspensionReason: string | null; }'.
src/services/bank-account.service-complete.ts(272,54): error TS2339: Property 'microDepositAmount1' does not exist on type '{ userId: string; id: string; createdAt: Date; updatedAt: Date; status: BankAccountStatus; metadata: JsonValue; isDefault: boolean; accountType: BankAccountType; ... 12 more ...; suspensionReason: string | null; }'.
src/services/bank-account.service-complete.ts(273,54): error TS2339: Property 'microDepositAmount2' does not exist on type '{ userId: string; id: string; createdAt: Date; updatedAt: Date; status: BankAccountStatus; metadata: JsonValue; isDefault: boolean; accountType: BankAccountType; ... 12 more ...; suspensionReason: string | null; }'.
src/services/bank-account.service-complete.ts(285,11): error TS2353: Object literal may only specify known properties, and 'verificationAttempts' does not exist in type '(Without<BankAccountUpdateInput, BankAccountUncheckedUpdateInput> & BankAccountUncheckedUpdateInput) | (Without<...> & BankAccountUpdateInput)'.
src/services/bank-account.service-complete.ts(299,11): error TS2353: Object literal may only specify known properties, and 'microDepositAmount1' does not exist in type '(Without<BankAccountUpdateInput, BankAccountUncheckedUpdateInput> & BankAccountUncheckedUpdateInput) | (Without<...> & BankAccountUpdateInput)'.
src/services/bank-account.service-complete.ts(337,9): error TS2353: Object literal may only specify known properties, and 'removedAt' does not exist in type 'BankAccountWhereInput'.
src/services/bank-account.service-complete.ts(355,9): error TS2353: Object literal may only specify known properties, and 'removedAt' does not exist in type 'BankAccountWhereInput'.
src/services/bank-account.service-complete.ts(407,11): error TS2353: Object literal may only specify known properties, and 'removedAt' does not exist in type '(Without<BankAccountUpdateInput, BankAccountUncheckedUpdateInput> & BankAccountUncheckedUpdateInput) | (Without<...> & BankAccountUpdateInput)'.
src/services/bank-account.service-complete.ts(456,9): error TS2561: Object literal may only specify known properties, but 'routingNumberHash' does not exist in type 'BankAccountWhereInput'. Did you mean to write 'routingNumber'?
src/services/bank-account.service-complete.ts(474,9): error TS2322: Type '"LOCKED"' is not assignable to type 'BankAccountStatus | EnumBankAccountStatusFieldUpdateOperationsInput | undefined'.
src/services/bank-account.service-complete.ts(492,22): error TS2339: Property 'last4' does not exist on type '{ userId: string; id: string; createdAt: Date; updatedAt: Date; status: BankAccountStatus; metadata: JsonValue; isDefault: boolean; accountType: BankAccountType; ... 12 more ...; suspensionReason: string | null; }'.
src/services/bank-account.service-complete.ts(514,28): error TS2551: Property 'accountNumberEnc' does not exist on type '{ userId: string; id: string; createdAt: Date; updatedAt: Date; status: BankAccountStatus; metadata: JsonValue; isDefault: boolean; accountType: BankAccountType; ... 12 more ...; suspensionReason: string | null; }'. Did you mean 'accountNumber'?
src/services/bank-account.service.ts(18,10): error TS2305: Module '"./events.js"' has no exported member 'emitEvent'.
src/services/bank-account.service.ts(91,33): error TS2663: Cannot find name 'prisma'. Did you mean the instance member 'this.prisma'?
src/services/bank-account.service.ts(93,24): error TS2339: Property 'userId' does not exist on type 'AddBankAccountDTO'.
src/services/bank-account.service.ts(100,19): error TS2304: Cannot find name 'BankAccountStatus'.
src/services/bank-account.service.ts(101,31): error TS2304: Cannot find name 'VerificationMethod'.
src/services/bank-account.service.ts(106,13): error TS2304: Cannot find name 'auditService'.
src/services/bank-account.service.ts(110,22): error TS2339: Property 'userId' does not exist on type 'AddBankAccountDTO'.
src/services/bank-account.service.ts(120,7): error TS2741: Property 'last4' is missing in type '{ id: any; accountType: any; bankName: any; accountHolderName: any; lastFourDigits: any; isVerified: any; status: any; verificationMethod: any; isDefault: any; verifiedAt: any; createdAt: any; }' but required in type 'BankAccountResponse'.
src/services/bank-account.service.ts(133,30): error TS2304: Cannot find name 'plaidClient'.
src/services/bank-account.service.ts(141,38): error TS2304: Cannot find name 'plaidClient'.
src/services/bank-account.service.ts(146,10): error TS7006: Parameter 'acc' implicitly has an 'any' type.
src/services/bank-account.service.ts(154,33): error TS2663: Cannot find name 'prisma'. Did you mean the instance member 'this.prisma'?
src/services/bank-account.service.ts(156,24): error TS2339: Property 'userId' does not exist on type 'LinkPlaidAccountDTO'.
src/services/bank-account.service.ts(167,19): error TS2304: Cannot find name 'BankAccountStatus'.
src/services/bank-account.service.ts(168,31): error TS2304: Cannot find name 'VerificationMethod'.
src/services/bank-account.service.ts(174,13): error TS2304: Cannot find name 'auditService'.
src/services/bank-account.service.ts(178,22): error TS2339: Property 'userId' does not exist on type 'LinkPlaidAccountDTO'.
src/services/bank-account.service.ts(208,33): error TS2663: Cannot find name 'prisma'. Did you mean the instance member 'this.prisma'?
src/services/bank-account.service.ts(212,19): error TS2304: Cannot find name 'BankAccountStatus'.
src/services/bank-account.service.ts(218,13): error TS2304: Cannot find name 'auditService'.
src/services/bank-account.service.ts(239,30): error TS2663: Cannot find name 'prisma'. Did you mean the instance member 'this.prisma'?
src/services/bank-account.service.ts(243,18): error TS2304: Cannot find name 'BankAccountStatus'.
src/services/bank-account.service.ts(252,27): error TS7006: Parameter 'acc' implicitly has an 'any' type.
src/services/bank-account.service.ts(265,13): error TS2663: Cannot find name 'prisma'. Did you mean the instance member 'this.prisma'?
src/services/bank-account.service.ts(276,29): error TS2663: Cannot find name 'prisma'. Did you mean the instance member 'this.prisma'?
src/services/bank-account.service.ts(286,13): error TS2304: Cannot find name 'auditService'.
src/services/bank-account.service.ts(305,29): error TS2663: Cannot find name 'prisma'. Did you mean the instance member 'this.prisma'?
src/services/bank-account.service.ts(311,19): error TS2304: Cannot find name 'BankAccountStatus'.
src/services/bank-account.service.ts(315,13): error TS2304: Cannot find name 'auditService'.
src/services/bank-account.service.ts(334,29): error TS2663: Cannot find name 'prisma'. Did you mean the instance member 'this.prisma'?
src/services/bank-account.service.ts(344,30): error TS2304: Cannot find name 'plaidClient'.
src/services/bank-account.service.ts(379,51): error TS2552: Cannot find name 'BankAccountType'. Did you mean 'BankAccount'?
src/services/bank-account.service.ts(382,16): error TS2304: Cannot find name 'BankAccountType'.
src/services/bank-account.service.ts(384,16): error TS2304: Cannot find name 'BankAccountType'.
src/services/bank-account.service.ts(386,16): error TS2304: Cannot find name 'BankAccountType'.
src/services/bank-account.service.ts(409,35): error TS2554: Expected 1 arguments, but got 0.
src/services/compliance.service.ts(23,10): error TS2305: Module '"./events.js"' has no exported member 'emitEvent'.
src/services/compliance.service.ts(215,51): error TS2322: Type '"PENDING_SETTLEMENT"' is not assignable to type 'TransactionStatus'.
src/services/compliance.service.ts(221,26): error TS18048: 'totalThisYear._sum' is possibly 'undefined'.
src/services/compliance.service.ts(227,31): error TS2363: The right-hand side of an arithmetic operation must be of type 'any', 'number', 'bigint' or an enum type.
src/services/compliance.service.ts(228,20): error TS2365: Operator '+' cannot be applied to types 'number | Decimal' and 'number'.
src/services/compliance.service.ts(234,7): error TS2322: Type 'number | Decimal' is not assignable to type 'number'.
  Type 'Decimal' is not assignable to type 'number'.
src/services/compliance.service.ts(255,11): error TS2353: Object literal may only specify known properties, and 'type' does not exist in type 'TransactionWhereInput'.
src/services/compliance.service.ts(263,11): error TS2353: Object literal may only specify known properties, and 'type' does not exist in type 'TransactionWhereInput'.
src/services/compliance.service.ts(273,25): error TS2365: Operator '+' cannot be applied to types 'number | Decimal' and 'number'.
src/services/compliance.service.ts(273,26): error TS18048: 'dailyTotal._sum' is possibly 'undefined'.
src/services/compliance.service.ts(274,27): error TS2365: Operator '+' cannot be applied to types 'number | Decimal' and 'number'.
src/services/compliance.service.ts(274,28): error TS18048: 'monthlyTotal._sum' is possibly 'undefined'.
src/services/compliance.service.ts(302,9): error TS2322: Type 'string' is not assignable to type 'ComplianceCheckType'.
src/services/compliance.service.ts(303,9): error TS2322: Type '"FAILED" | "PASSED"' is not assignable to type 'CheckStatus | undefined'.
  Type '"FAILED"' is not assignable to type 'CheckStatus | undefined'.
src/services/escrow.service.ts(22,10): error TS2305: Module '"./events.js"' has no exported member 'emitEvent'.
src/services/escrow.service.ts(107,11): error TS2353: Object literal may only specify known properties, and 'externalAccountId' does not exist in type 'Without<EscrowAccountCreateInput, EscrowAccountUncheckedCreateInput> & EscrowAccountUncheckedCreateInput'.
src/services/escrow.service.ts(189,38): error TS2339: Property 'currentBalance' does not exist on type '{ id: string; createdAt: Date; updatedAt: Date; offeringId: string; status: EscrowStatus; metadata: JsonValue; accountNumber: string; accountName: string; ... 11 more ...; closedReason: string | null; }'.
src/services/escrow.service.ts(208,11): error TS2353: Object literal may only specify known properties, and 'currentBalance' does not exist in type '(Without<EscrowAccountUpdateInput, EscrowAccountUncheckedUpdateInput> & EscrowAccountUncheckedUpdateInput) | (Without<...> & EscrowAccountUpdateInput)'.
src/services/escrow.service.ts(218,27): error TS2339: Property 'currentBalance' does not exist on type '{ id: string; createdAt: Date; updatedAt: Date; offeringId: string; status: EscrowStatus; metadata: JsonValue; accountNumber: string; accountName: string; ... 11 more ...; closedReason: string | null; }'.
src/services/escrow.service.ts(231,9): error TS2365: Operator '<' cannot be applied to types 'Decimal' and 'number'.
src/services/escrow.service.ts(238,38): error TS2339: Property 'currentBalance' does not exist on type '{ id: string; createdAt: Date; updatedAt: Date; offeringId: string; status: EscrowStatus; metadata: JsonValue; accountNumber: string; accountName: string; ... 11 more ...; closedReason: string | null; }'.
src/services/escrow.service.ts(257,11): error TS2353: Object literal may only specify known properties, and 'currentBalance' does not exist in type '(Without<EscrowAccountUpdateInput, EscrowAccountUncheckedUpdateInput> & EscrowAccountUncheckedUpdateInput) | (Without<...> & EscrowAccountUpdateInput)'.
src/services/escrow.service.ts(267,27): error TS2339: Property 'currentBalance' does not exist on type '{ id: string; createdAt: Date; updatedAt: Date; offeringId: string; status: EscrowStatus; metadata: JsonValue; accountNumber: string; accountName: string; ... 11 more ...; closedReason: string | null; }'.
src/services/escrow.service.ts(394,13): error TS2353: Object literal may only specify known properties, and 'type' does not exist in type 'TransactionSelect<DefaultArgs>'.
src/services/escrow.service.ts(418,41): error TS2339: Property 'currentBalance' does not exist on type '{ id: string; createdAt: Date; updatedAt: Date; offeringId: string; status: EscrowStatus; metadata: JsonValue; accountNumber: string; accountName: string; ... 11 more ...; closedReason: string | null; }'.
src/services/escrow.service.ts(432,55): error TS2339: Property 'currentBalance' does not exist on type '{ id: string; createdAt: Date; updatedAt: Date; offeringId: string; status: EscrowStatus; metadata: JsonValue; accountNumber: string; accountName: string; ... 11 more ...; closedReason: string | null; }'.
src/services/escrow.service.ts(439,32): error TS2339: Property 'currentBalance' does not exist on type '{ id: string; createdAt: Date; updatedAt: Date; offeringId: string; status: EscrowStatus; metadata: JsonValue; accountNumber: string; accountName: string; ... 11 more ...; closedReason: string | null; }'.
src/services/escrow.service.ts(451,9): error TS2322: Type '"FROZEN"' is not assignable to type 'EscrowStatus | EnumEscrowStatusFieldUpdateOperationsInput | undefined'.
src/services/escrow.service.ts(473,9): error TS2353: Object literal may only specify known properties, and 'frozenReason' does not exist in type '(Without<EscrowAccountUpdateInput, EscrowAccountUncheckedUpdateInput> & EscrowAccountUncheckedUpdateInput) | (Without<...> & EscrowAccountUpdateInput)'.
src/services/plaid.service.ts(46,3): error TS2322: Type 'string | undefined' is not assignable to type 'string'.
  Type 'undefined' is not assignable to type 'string'.
src/services/plaid.service.ts(110,32): error TS2322: Type '"checking"' is not assignable to type 'DepositoryAccountSubtype'.
src/services/plaid.service.ts(110,44): error TS2322: Type '"savings"' is not assignable to type 'DepositoryAccountSubtype'.
src/services/plaid.ts(198,7): error TS2322: Type '"stripe" | "dwolla" | "checkout"' is not assignable to type 'ProcessorTokenCreateRequestProcessorEnum'.
  Type '"stripe"' is not assignable to type 'ProcessorTokenCreateRequestProcessorEnum'.
src/services/stripe-payment.service.ts(23,3): error TS2322: Type '"2024-11-20.acacia"' is not assignable to type '"2025-02-24.acacia"'.
src/services/stripe-payment.service.ts(332,16): error TS2561: Object literal may only specify known properties, but 'stripePaymentIntentId' does not exist in type 'TransactionWhereUniqueInput'. Did you mean to write 'stripePaymentId'?
src/services/stripe-payment.service.ts(346,9): error TS2353: Object literal may only specify known properties, and 'stripeChargeId' does not exist in type '(Without<TransactionUpdateInput, TransactionUncheckedUpdateInput> & TransactionUncheckedUpdateInput) | (Without<...> & TransactionUpdateInput)'.
src/services/stripe-payment.service.ts(376,16): error TS2561: Object literal may only specify known properties, but 'stripePaymentIntentId' does not exist in type 'TransactionWhereUniqueInput'. Did you mean to write 'stripePaymentId'?
src/services/stripe-payment.service.ts(390,9): error TS2353: Object literal may only specify known properties, and 'failureCode' does not exist in type '(Without<TransactionUpdateInput, TransactionUncheckedUpdateInput> & TransactionUncheckedUpdateInput) | (Without<...> & TransactionUpdateInput)'.
src/types/transaction.types.ts(13,3): error TS2305: Module '"@prisma/client"' has no exported member 'TransactionWebhook'.
src/types/transaction.types.ts(291,16): error TS2322: Type '"PENDING_SETTLEMENT"' is not assignable to type 'TransactionStatus'.
src/types/transaction.types.ts(291,38): error TS2322: Type '"SETTLED"' is not assignable to type 'TransactionStatus'.
src/types/transaction.types.ts(294,15): error TS2322: Type '"REVERSED"' is not assignable to type 'TransactionStatus'.
src/types/transaction.types.ts(295,12): error TS2322: Type '"PENDING_RETRY"' is not assignable to type 'TransactionStatus'.
src/types/transaction.types.ts(305,3): error TS2322: Type '"CONSTRUCTION_DRAW"' is not assignable to type 'TransactionType'.
src/types/transaction.types.ts(344,3): error TS2353: Object literal may only specify known properties, and 'CREDIT_CARD' does not exist in type 'Record<PaymentMethod, number>'.
src/validators/transaction.validators.ts(129,6): error TS2367: This comparison appears to be unintentional because the types '"DEPOSIT" | "WITHDRAWAL" | "DISTRIBUTION" | "FEE" | "REFUND" | "INVESTMENT" | "DRAW_REQUEST" | "PROVIDER_PAYMENT" | "TRANSFER"' and '"ESCROW_DEPOSIT"' have no overlap.
src/validators/transaction.validators.ts(129,40): error TS2367: This comparison appears to be unintentional because the types '"DEPOSIT" | "WITHDRAWAL" | "DISTRIBUTION" | "FEE" | "REFUND" | "INVESTMENT" | "DRAW_REQUEST" | "PROVIDER_PAYMENT" | "TRANSFER"' and '"ESCROW_WITHDRAWAL"' have no overlap.
src/validators/transaction.validators.ts(149,7): error TS2367: This comparison appears to be unintentional because the types '"DEPOSIT" | "WITHDRAWAL" | "DISTRIBUTION" | "FEE" | "REFUND" | "INVESTMENT" | "DRAW_REQUEST" | "PROVIDER_PAYMENT" | "TRANSFER"' and '"CONSTRUCTION_DRAW"' have no overlap.
